17:10:38 INFO catchments: GRDCCaravan__1160725, GRDCCaravan__1199200, restricted_ADHI__258
17:10:42 INFO hourly forcing: 3 stations x 140255 hours (1980-01-01 01:00:00 .. 1995-12-31 23:00:00), 100.00% finite
17:10:42 INFO observed daily q_mm: 29522 station-days over 3 stations (59.9% of the grid)
17:10:43 WARNING KGZ_detailed: 1 Koeppen substitutions applied (e.g. ['GRDCCaravan__1199200:Cwb->Cwa'])
17:10:43 INFO no static feature needed imputation
17:10:43 INFO Africa windows (run B layout): 2908 samples over 3 basins | D=365 daily means, H=72 hourly | 0 dropped for a non-finite window -> 6 chunks of <=512
17:10:44 INFO fold 0 M0: predicting hourly
17:22:53 INFO fold 0 M1: predicting hourly
17:30:51 INFO catchments: GRDCCaravan__1160725, GRDCCaravan__1199200, restricted_ADHI__258
17:30:52 INFO hourly forcing: 3 stations x 140255 hours (1980-01-01 01:00:00 .. 1995-12-31 23:00:00), 100.00% finite
17:30:52 INFO observed daily q_mm: 29522 station-days over 3 stations (59.9% of the grid)
17:30:52 WARNING KGZ_detailed: 1 Koeppen substitutions applied (e.g. ['GRDCCaravan__1199200:Cwb->Cwa'])
17:30:52 INFO no static feature needed imputation
17:30:52 INFO Africa windows (run B layout): 2908 samples over 3 basins | D=365 daily means, H=336 hourly | 0 dropped for a non-finite window -> 6 chunks of <=512
17:30:53 INFO fold 0 M0: predicting hourly
17:30:53 INFO fold 0 M1: predicting hourly
17:30:53 INFO fold 1 M0: predicting hourly
17:30:53 INFO fold 1 M1: predicting hourly
17:30:54 INFO fold 2 M0: predicting hourly
17:30:54 INFO fold 2 M1: predicting hourly
17:30:54 INFO fold 3 M0: predicting hourly
17:30:54 INFO fold 3 M1: predicting hourly
17:30:54 INFO fold 4 M0: predicting hourly
17:30:55 INFO fold 4 M1: predicting hourly
17:30:56 INFO wrote outputs/v2_africa_hourly/hourly_series.csv.gz: 69792 rows, 3 basins, 1986-03-22 00:00:00 .. 1995-12-31 23:00:00
17:30:56 INFO M1 daily-from-hourly vs observed: mean ratio 2.090 over 2908 basin-days
17:30:56 INFO   GRDCCaravan__1160725: 15984 hours, M0 mean 0.0080 mm/h, M1 mean 0.0078 mm/h
17:30:56 INFO   GRDCCaravan__1199200: 35208 hours, M0 mean 0.0031 mm/h, M1 mean 0.0072 mm/h
17:30:56 INFO   restricted_ADHI__258: 18600 hours, M0 mean 0.0923 mm/h, M1 mean 0.1270 mm/h
17:37:35 INFO full hourly series for: GRDCCaravan__1160725, GRDCCaravan__1199200, restricted_ADHI__258
17:37:35 INFO basins in this pass: 3
17:37:36 INFO hourly forcing: 3 stations x 140255 hours (1980-01-01 01:00:00 .. 1995-12-31 23:00:00), 100.00% finite
17:37:36 INFO observed daily q_mm: 29522 station-days over 3 stations (59.9% of the grid)
17:37:36 WARNING KGZ_detailed: 1 Koeppen substitutions applied (e.g. ['GRDCCaravan__1199200:Cwb->Cwa'])
17:37:36 INFO no static feature needed imputation
17:37:37 INFO Africa windows (run B layout): 2908 samples over 3 basins | D=365 daily means, H=336 hourly | 0 dropped for a non-finite window -> 6 chunks of <=512
17:37:37 INFO fold 0 M0: predicting hourly
17:37:37 INFO fold 0 M1: predicting hourly
17:37:38 INFO fold 1 M0: predicting hourly
17:37:38 INFO fold 1 M1: predicting hourly
17:37:38 INFO fold 2 M0: predicting hourly
17:37:38 INFO fold 2 M1: predicting hourly
17:37:38 INFO fold 3 M0: predicting hourly
17:37:39 INFO fold 3 M1: predicting hourly
17:37:39 INFO fold 4 M0: predicting hourly
17:37:39 INFO fold 4 M1: predicting hourly
17:37:40 INFO wrote outputs/v2_africa_hourly/hourly_series.csv.gz: 69792 rows, 3 basins, 1986-03-22 00:00:00 .. 1995-12-31 23:00:00
17:37:40 INFO M0: 24 x mean(hourly) vs the scored daily prediction over 2908 basin-days -- max |diff| 6.71e-06 mm/d (float32 rounding is ~1e-6)
17:37:41 INFO M1: 24 x mean(hourly) vs the scored daily prediction over 2908 basin-days -- max |diff| 1.88e-06 mm/d (float32 rounding is ~1e-6)
17:37:41 INFO within-day CV over 3 basins: M0 median 0.0801, M1 median 0.1132, median paired difference +0.0236, higher after fine-tuning in 66.7% of basins
17:37:41 INFO wrote outputs/v2_africa_hourly/within_day_cv_per_basin.csv
17:39:57 INFO full hourly series for: GRDCCaravan__1160725, GRDCCaravan__1199200, restricted_ADHI__258
17:39:57 INFO basins in this pass: 294
17:39:58 INFO hourly forcing: 294 stations x 140255 hours (1980-01-01 01:00:00 .. 1995-12-31 23:00:00), 100.00% finite
17:39:59 INFO observed daily q_mm: 2249595 station-days over 294 stations (46.6% of the grid)
17:40:00 WARNING KGZ_detailed: 40 Koeppen substitutions applied (e.g. ['GRDC__1259500:Cwc->Cwa', 'GRDC__1259520:Cwc->Cwa', 'GRDC__1577100:Cwb->Cwa'])
17:40:00 INFO no static feature needed imputation
17:40:16 INFO Africa windows (run B layout): 320540 samples over 284 basins | D=365 daily means, H=336 hourly | 0 dropped for a non-finite window -> 627 chunks of <=512
17:40:17 INFO fold 0 M0: predicting hourly
17:40:27 INFO fold 0 M1: predicting hourly
17:40:38 INFO fold 1 M0: predicting hourly
17:40:48 INFO fold 1 M1: predicting hourly
17:40:59 INFO fold 2 M0: predicting hourly
17:41:10 INFO fold 2 M1: predicting hourly
17:41:20 INFO fold 3 M0: predicting hourly
17:41:31 INFO fold 3 M1: predicting hourly
17:41:41 INFO fold 4 M0: predicting hourly
17:41:52 INFO fold 4 M1: predicting hourly
17:42:06 INFO wrote outputs/v2_africa_hourly/hourly_series.csv.gz: 69792 rows, 3 basins, 1986-03-22 00:00:00 .. 1995-12-31 23:00:00
17:42:06 INFO M0: 24 x mean(hourly) vs the scored daily prediction over 2908 basin-days -- max |diff| 6.71e-06 mm/d (float32 rounding is ~1e-6)
17:42:06 INFO M1: 24 x mean(hourly) vs the scored daily prediction over 2908 basin-days -- max |diff| 1.88e-06 mm/d (float32 rounding is ~1e-6)
17:42:08 INFO within-day CV over 284 basins: M0 median 0.1246, M1 median 0.1053, median paired difference -0.0192, higher after fine-tuning in 40.1% of basins, Wilcoxon p = 0.000169
17:42:08 INFO wrote outputs/v2_africa_hourly/within_day_cv_per_basin.csv
