10:51:18 INFO using the 294 basins scored by the continent-PUB baseline
10:51:18 INFO daily static: 37972 stations x 76 columns
10:51:18 INFO African basins: 294 | by source: {'GRDCCaravan': 126, 'GRDC': 119, 'restricted_ADHI': 49}
10:51:18 INFO area km2: min 19  median 759  max 9839
10:51:19 INFO Caravan polygons: 5357
10:51:23 INFO GSHA polygons: 21568
10:51:23 INFO polygons resolved for 224/294 basins: {'caravan_grdc': 126, 'gsha': 98}
10:51:23 WARNING no polygon for 70 basins (['restricted_ADHI__43', 'restricted_ADHI__44', 'restricted_ADHI__67', 'restricted_ADHI__75', 'restricted_ADHI__114'] ...) -- they will fall back to the nearest ERA5-Land cell at the gauge
10:51:23 INFO Created 224 records
10:51:24 INFO download tiles: 19 covering 42882 ERA5-Land cells
10:51:24 INFO 
   tile  n_basins  north  west  south  east  n_lon  n_lat  n_cells
t+02-02        14  -10.2  23.6  -20.1  30.1     66    100     6600
t+03-02        34  -10.0  29.8  -20.3  35.9     62    104     6448
t-01+00        20   10.7 -10.3    6.0   0.2    106     48     5088
t+02-04        45  -29.8  20.3  -34.4  30.1     99     47     4653
t+02-03        28  -19.5  27.1  -30.4  30.6     36    110     3960
t+01+00         8    9.5  13.4    3.9  19.2     59     57     3363
t+03-01        19   -6.6  29.7  -10.0  37.8     82     35     2870
t+03-03        48  -22.6  29.1  -30.4  32.5     35     79     2765
t-01+01         3   11.6  -8.9   10.0  -0.6     84     17     1428
t+00+01         6   14.8   0.0    9.9   2.3     24     50     1200
t-02+01        15   12.9 -14.4    9.7 -11.3     32     33     1056
t+00+00        12   10.0   0.4    6.4   2.5     22     37      814
t+01-04        27  -32.0  18.4  -34.6  20.7     24     27      648
t-01+03         5   35.7  -6.4   32.9  -4.3     22     29      638
t+02+00         4    8.2  19.9    4.9  21.3     15     34      510
t+00+03         2   36.7   1.9   36.1   8.1     63      7      441
t+03+00         2    9.5  37.8    8.1  39.2     15     15      225
t-02+00         1   10.2 -11.1    8.9 -10.3      9     14      126
t+02-01         1   -9.5  29.3  -10.1  29.9      7      7       49
10:51:24 INFO estimated volume for ONE daily variable 1980-2024: 2.6 GiB (42882 cells x 16436 days x 4 B). Basin-averaged output is ~18 MiB.
10:51:24 INFO wrote /home/kongw0a/global_mtslstm/africa
10:54:41 INFO using the 294 basins scored by the continent-PUB baseline
10:54:41 INFO daily static: 37972 stations x 76 columns
10:54:41 INFO African basins: 294 | by source: {'GRDCCaravan': 126, 'GRDC': 119, 'restricted_ADHI': 49}
10:54:41 INFO area km2: min 19  median 759  max 9839
10:54:45 INFO polygon area vs static area: median ratio 0.998 | 2 outside 0.5-2x
10:54:45 WARNING suspect polygons (area ratio far from 1): ['GRDC__1591800', 'GRDC__1547202']
10:54:45 INFO polygons resolved for 294/294 basins: {'station_boundary': 294}
10:54:46 INFO Created 294 records
10:54:46 INFO download tiles: 19 covering 45494 ERA5-Land cells
10:54:46 INFO 
   tile  n_basins  north  west  south  east  n_lon  n_lat  n_cells
t+02-02        14  -10.2  23.2  -20.0  30.1     70     99     6930
t+03-02        33  -10.3  29.8  -20.3  35.9     62    101     6262
t-01+00        21   10.7 -10.3    6.0   0.2    106     48     5088
t+02-04        45  -29.8  20.3  -34.4  30.1     99     47     4653
t+02-03        28  -19.5  27.1  -30.4  30.6     36    110     3960
t+01+00         8    9.5  13.4    3.9  19.3     60     57     3420
t+03-01        20   -6.6  29.7  -10.5  37.8     82     40     3280
t-01+01         3   14.8  -5.5    9.7   0.6     62     52     3224
t+03-03        48  -22.6  29.1  -30.4  32.5     35     79     2765
t-02+01        15   12.9 -14.4    9.7 -11.1     34     33     1122
t+00+00        12   10.3   0.4    6.3   3.0     27     41     1107
t-01+03         5   35.7  -6.6   32.7  -3.8     29     31      899
t+02+00         4    8.3  19.8    4.9  21.8     21     35      735
t+01-04        27  -32.0  18.4  -34.6  20.7     24     27      648
t+00+01         5   11.6  -0.1    9.5   2.4     26     22      572
t+00+03         2   36.7   1.8   36.1   8.1     64      7      448
t+03+00         2    9.5  37.8    8.1  39.2     15     15      225
t-02+00         1   10.2 -11.1    8.9 -10.3      9     14      126
t+02-01         1   -9.7  29.4  -10.1  29.9      6      5       30
10:54:46 INFO estimated volume for ONE daily variable 1980-2024: 2.8 GiB (45494 cells x 16436 days x 4 B). Basin-averaged output is ~18 MiB.
10:54:46 INFO wrote /home/kongw0a/global_mtslstm/africa
